1-10000101-11011010100000000000000
0-10000101-11011010100000000000000
0-10001000-01000110100101011000000
0-10001011-11110100100011100000000
0-10001000-00101101100100000000000
<<<<<<< HEAD
=======
1
2
3
4
>>>>>>> 53ed6caf0e7efc8afa624a91af11de2e2271ad4b
